ltr-1_family-50_s_1#CLASSI/LTR/COPIA	Copia-2_DPer_1#CLASSI/LTR/COPIA	100.000	4539	0	0	1	4539	1	4539	0.0	8383
ltr-1_family-50_s_1#CLASSI/LTR/COPIA	Copia-2_DPer_2#CLASSI/LTR/COPIA	100.000	740	0	0	3800	4539	1	740	0.0	1367
ltr-1_family-50_s_2#CLASSI/LTR/COPIA	Copia-2_DPer_2#CLASSI/LTR/COPIA	100.000	766	0	0	1	766	1	766	0.0	1415
ltr-1_family-50_s_2#CLASSI/LTR/COPIA	Copia-2_DPer_1#CLASSI/LTR/COPIA	100.000	740	0	0	1	740	3800	4539	0.0	1367
ltr-1_family-74_s_1#CLASSI/LTR	BEL-3_DPer_1#CLASSI/LTR/BELPAO	100.000	6285	0	0	1	6285	1	6285	0.0	11607
ltr-1_family-74_s_1#CLASSI/LTR	BEL-3_DPer_2#CLASSI/LTR/BELPAO	98.545	825	10	2	1	824	81	904	0.0	1456
ltr-1_family-74_s_1#CLASSI/LTR	BEL-3_DPer_3#CLASSI/LTR/BELPAO	93.299	388	22	4	5900	6285	1	386	8.33e-163	569
rnd-1_family-41#CLASSI/LINE	LOA-1_DPer_1#CLASSI/LINE/LOA	100.000	5513	0	0	1	5513	1	5513	0.0	10181
rnd-1_family-39_s_1_s_2#CLASSI/LTR	BEL-8_DPe_1#CLASSI/LTR/BELPAO	100.000	5859	0	0	1	5859	1	5859	0.0	10820
rnd-1_family-39_s_1_s_2#CLASSI/LTR	Nobel_I_1#CLASSI/LTR/BELPAO	80.208	5376	969	67	468	5806	1688	7005	0.0	3945
rnd-1_family-322_s_3_s_1#CLASSI/LINE	Loa-1_DK_1#CLASSI/LINE/LOA	100.000	5393	0	0	1	5393	1	5393	0.0	9960
rnd-1_family-591_s_1#CLASSI/LTR	BEL-2_DPer_1#CLASSI/LTR/BELPAO	100.000	2609	0	0	1	2609	1	2609	0.0	4819
rnd-1_family-591_s_1#CLASSI/LTR	NF-LTR-106_1#CLASSI/LTR	93.182	396	14	7	2156	2551	5	387	3.44e-163	569
rnd-4_family-32#CLASSI/LINE/CR1	CR1-1_DPer_1#CLASSI/LINE/CR1	100.000	4543	0	0	1	4543	1	4543	0.0	8390
rnd-5_family-1664#CLASSII/TIR	Mariner-5_DAn_1#CLASSII/TIR/TC1MARINER	100.000	1622	0	0	1	1622	1	1622	0.0	2996
rnd-5_family-9076#CLASSII/HELITRON	Helitron-1_DPe_1#CLASSII/HELITRON	100.000	6890	0	0	1	6890	1	6890	0.0	12724
rnd-5_family-14123#CLASSII/TIR	Mariner-25_DF_1#CLASSII/TIR/TC1MARINER	100.000	1544	0	0	1	1544	1	1544	0.0	2852
rnd-5_family-7960#CLASSII/TIR	Mariner-9_DK_1#CLASSII/TIR/TC1MARINER	100.000	1773	0	0	1	1773	1	1773	0.0	3275
rnd-5_family-2432#CLASSII/TIR	Transib-2_DEl_1#CLASSII/TIR/TRANSIB	100.000	854	0	0	1	854	1	854	0.0	1559
rnd-5_family-2243#CLASSII/TIR	Transib-3_DAn_1#CLASSII/TIR/TRANSIB	100.000	2414	0	0	1	2414	1	2414	0.0	4377
rnd-5_family-1665_s_1#CLASSI/LINE/L2	Kiri-2_DPer_1#CLASSI/LINE/L2	100.000	1217	0	0	1	1217	1	1217	0.0	2248
ltr-1_family-2#CLASSI/LTR	NF-BELPAO-111_1#CLASSI/LTR/BELPAO	97.184	2521	59	8	72	2582	516	3034	0.0	4252
ltr-1_family-13#CLASSI/LTR/GYPSY	NF-GYPSY-342_1#CLASSI/LTR/GYPSY	100.000	5376	0	0	1	5376	1	5376	0.0	9928
ltr-1_family-129_s_1#CLASSI/LTR	NF-GYPSY-162_1#CLASSI/LTR/GYPSY	100.000	7692	0	0	1	7692	1	7692	0.0	14205
ltr-1_family-15_s_1_s_1_s_1#CLASSI/LTR	Nobel_I_1#CLASSI/LTR/BELPAO	100.000	7150	0	0	1	7150	1	7150	0.0	13204
ltr-1_family-15_s_1_s_1_s_1#CLASSI/LTR	BEL-8_DPe_1#CLASSI/LTR/BELPAO	80.212	5377	967	70	1688	7005	468	5806	0.0	3945
ltr-1_family-163_s_1#CLASSI/LTR	NF-COPIA-4_1#CLASSI/LTR/COPIA	100.000	5427	0	0	1	5427	1	5427	0.0	10022
ltr-1_family-20#CLASSI/LTR/GYPSY	NF-GYPSY-208_1#CLASSI/LTR/GYPSY	100.000	6741	0	0	1	6741	1	6741	0.0	12449
ltr-1_family-20#CLASSI/LTR/GYPSY	NF-GYPSY-208_2#CLASSI/LTR/GYPSY	98.173	2463	10	14	4313	6741	1	2462	0.0	4266
ltr-1_family-3_s_1#CLASSI/LTR	NF-GYPSY-423_1#CLASSI/LTR/GYPSY	100.000	4784	0	0	1	4784	1	4784	0.0	8835
ltr-1_family-31#CLASSI/LTR	NF-BELPAO-2_3#CLASSI/LTR/BELPAO	74.819	552	132	6	3769	4317	3437	3984	1.75e-64	243
ltr-1_family-32_s_2#CLASSI/LTR	NF-GYPSY-228_1#CLASSI/LTR/GYPSY	100.000	7022	0	0	1	7022	1	7022	0.0	12968
ltr-1_family-32_s_2#CLASSI/LTR	NF-GYPSY-228_2#CLASSI/LTR/GYPSY	98.284	3962	49	13	1086	5032	927	4884	0.0	6922
ltr-1_family-34#CLASSI/LTR	NF-BELPAO-30_1#CLASSI/LTR/BELPAO	99.413	5962	26	7	1	5953	1066	7027	0.0	10807
ltr-1_family-35#CLASSI/LTR	NF-BELPAO-30_1#CLASSI/LTR/BELPAO	100.000	7027	0	0	1	7027	1	7027	0.0	12977
ltr-1_family-37#CLASSI/LTR/COPIA	NF-COPIA-29_1#CLASSI/LTR/COPIA	100.000	4510	0	0	1	4510	1	4510	0.0	8329
ltr-1_family-38_s_2#CLASSI/LTR	NF-GYPSY-283_1#CLASSI/LTR/GYPSY	100.000	5839	0	0	1	5839	1	5839	0.0	10783
ltr-1_family-41#CLASSI/LTR	NF-BELPAO-84_1#CLASSI/LTR/BELPAO	100.000	5951	0	0	1	5951	1	5951	0.0	10990
ltr-1_family-43#CLASSI/LTR	NF-BELPAO-22_1#CLASSI/LTR/BELPAO	100.000	8238	0	0	1	8238	1	8238	0.0	15213
ltr-1_family-48#CLASSI/LTR/GYPSY	NF-GYPSY-208_2#CLASSI/LTR/GYPSY	98.433	1532	16	3	3571	5101	313	1837	0.0	2689
ltr-1_family-48#CLASSI/LTR/GYPSY	NF-GYPSY-208_1#CLASSI/LTR/GYPSY	98.107	1532	19	5	3571	5101	4625	6147	0.0	2660
ltr-1_family-53_s_2_s_1#CLASSI/LTR	NF-BELPAO-113_1#CLASSI/LTR/BELPAO	100.000	3430	0	0	1	3430	1	3430	0.0	6335
ltr-1_family-53_s_2_s_1#CLASSI/LTR	NF-BELPAO-113_2#CLASSI/LTR/BELPAO	84.553	3457	418	71	1	3426	3	3374	0.0	3319
ltr-1_family-53_s_2_s_1#CLASSI/LTR	NF-BELPAO-113_3#CLASSI/LTR/BELPAO	96.341	984	30	4	1	984	978	1	0.0	1613
ltr-1_family-53_s_2_s_1#CLASSI/LTR	NF-BELPAO-44_1#CLASSI/LTR/BELPAO	83.789	1425	202	26	455	1861	6116	4703	0.0	1325
ltr-1_family-53_s_2_s_1#CLASSI/LTR	NF-LTR-86_1#CLASSI/LTR	96.266	482	11	6	2949	3424	14	494	0.0	784
ltr-1_family-53_s_2_s_1#CLASSI/LTR	NF-LTR-92_1#CLASSI/LTR	97.297	37	1	0	2949	2985	3	39	9.39e-11	63.9
ltr-1_family-57#CLASSI/LTR	NF-BELPAO-111_1#CLASSI/LTR/BELPAO	99.295	1277	6	2	22	1296	3525	2250	0.0	2305
ltr-1_family-58#CLASSI/LTR	NF-BELPAO-111_1#CLASSI/LTR/BELPAO	100.000	3525	0	0	1	3525	1	3525	0.0	6510
ltr-1_family-66#CLASSI/LTR	NF-BELPAO-44_1#CLASSI/LTR/BELPAO	100.000	6512	0	0	1	6512	1	6512	0.0	12026
ltr-1_family-66#CLASSI/LTR	NF-BELPAO-113_2#CLASSI/LTR/BELPAO	84.549	1398	179	31	4733	6116	1799	425	0.0	1351
ltr-1_family-66#CLASSI/LTR	NF-BELPAO-113_1#CLASSI/LTR/BELPAO	83.826	1422	201	26	4706	6116	1858	455	0.0	1325
ltr-1_family-66#CLASSI/LTR	NF-LTR-92_1#CLASSI/LTR	92.308	442	28	6	1	441	439	3	6.53e-179	623
ltr-1_family-66#CLASSI/LTR	NF-BELPAO-113_3#CLASSI/LTR/BELPAO	82.332	549	66	22	5580	6116	1	530	4.22e-126	448
ltr-1_family-66#CLASSI/LTR	NF-LTR-86_1#CLASSI/LTR	97.297	37	1	0	405	441	50	14	1.79e-10	63.9
ltr-1_family-67_s_2#CLASSI/LTR	NF-LTR-16_1#CLASSI/LTR	100.000	4572	0	0	1	4572	1	4572	0.0	8444
ltr-1_family-76#CLASSI/LTR	NF-BELPAO-114_1#CLASSI/LTR/BELPAO	100.000	3382	0	0	1	3382	1	3382	0.0	6246
ltr-1_family-76#CLASSI/LTR	BEL-14_DP_1#CLASSI/LTR/BELPAO	90.510	706	56	10	536	1235	244	944	0.0	922
ltr-1_family-77_s_1#CLASSI/LTR	NF-BELPAO-86_1#CLASSI/LTR/BELPAO	100.000	5871	0	0	1	5871	1	5871	0.0	10842
ltr-1_family-9#CLASSI/LTR/GYPSY	NF-GYPSY-33_1#CLASSI/LTR/GYPSY	80.640	1281	233	13	1483	2754	1493	2767	0.0	977
ltr-1_family-87#CLASSI/LTR	NF-BELPAO-66_1#CLASSI/LTR/BELPAO	100.000	6254	0	0	1	6254	1	6254	0.0	11550
ltr-1_family-98#CLASSI/LTR	NF-GYPSY-353_1#CLASSI/LTR/GYPSY	100.000	5204	0	0	1	5204	1	5204	0.0	9611
ltr-1_family-98#CLASSI/LTR	NF-GYPSY-353_2#CLASSI/LTR/GYPSY	97.995	3292	40	4	195	3486	1	3266	0.0	5690
rnd-1_family-124_s_1_s_1_s_1#CLASSI/LTR	NF-BELPAO-113_2#CLASSI/LTR/BELPAO	100.000	3408	0	0	1	3408	1	3408	0.0	6294
rnd-1_family-124_s_1_s_1_s_1#CLASSI/LTR	NF-BELPAO-113_1#CLASSI/LTR/BELPAO	84.562	3459	414	73	3	3374	1	3426	0.0	3319
rnd-1_family-124_s_1_s_1_s_1#CLASSI/LTR	NF-BELPAO-113_3#CLASSI/LTR/BELPAO	93.992	982	27	11	1	952	980	1	0.0	1458
rnd-1_family-124_s_1_s_1_s_1#CLASSI/LTR	NF-BELPAO-44_1#CLASSI/LTR/BELPAO	84.371	1414	182	34	425	1814	6116	4718	0.0	1351
rnd-1_family-124_s_1_s_1_s_1#CLASSI/LTR	NF-LTR-86_1#CLASSI/LTR	88.613	483	23	13	1	453	14	494	9.76e-160	558
rnd-1_family-135#CLASSII/HELITRON	NF-HELITRON-24_1#CLASSII/HELITRON	100.000	2193	0	0	1	2193	1	2193	0.0	4050
rnd-1_family-135#CLASSII/HELITRON	NF-HELITRON-24_2#CLASSII/HELITRON	99.190	1851	10	2	344	2193	3078	1232	0.0	3330
rnd-1_family-135#CLASSII/HELITRON	NF-HELITRON-24_4#CLASSII/HELITRON	96.395	1831	34	7	365	2193	1	1801	0.0	2987
rnd-1_family-135#CLASSII/HELITRON	NF-HELITRON-24_3#CLASSII/HELITRON	99.376	641	3	1	1554	2193	1	641	0.0	1160
rnd-1_family-116#CLASSI/LTR/GYPSY	NF-GYPSY-191_1#CLASSI/LTR/GYPSY	100.000	7291	0	0	1	7291	1	7291	0.0	13465
rnd-1_family-9#CLASSII/TIR	NF-COPIA-29_1#CLASSI/LTR/COPIA	98.810	336	2	2	4095	4428	4510	4175	3.08e-171	597
rnd-1_family-9#CLASSII/TIR	NF-HELITRON-113_1#CLASSII/HELITRON	97.436	78	2	0	1373	1450	2	79	1.05e-31	134
rnd-1_family-111_s_1_s_2#CLASSI/LTR	NF-BELPAO-14_1#CLASSI/LTR/BELPAO	100.000	7472	0	0	1	7472	1	7472	0.0	13799
rnd-1_family-111_s_1_s_2#CLASSI/LTR	NF-BELPAO-2_3#CLASSI/LTR/BELPAO	78.603	5052	992	75	2088	7090	2354	7365	0.0	3258
rnd-1_family-38#CLASSI/LINE	NF-LINE-10_1#CLASSI/LINE	100.000	5381	0	0	1	5381	1	5381	0.0	9937
rnd-1_family-70#CLASSI/LTR/GYPSY	NF-GYPSY-33_1#CLASSI/LTR/GYPSY	85.269	2118	263	22	2957	5055	1501	3588	0.0	2137
rnd-1_family-70#CLASSI/LTR/GYPSY	CR1-1_DPer_1#CLASSI/LINE/CR1	89.382	631	45	7	5823	6439	2760	3382	0.0	774
rnd-1_family-145#CLASSII/HELITRON	NF-HELITRON-24_2#CLASSII/HELITRON	100.000	3472	0	0	1	3472	1	3472	0.0	6412
rnd-1_family-145#CLASSII/HELITRON	NF-HELITRON-24_4#CLASSII/HELITRON	96.720	2561	50	6	501	3057	2531	1	0.0	4233
rnd-1_family-145#CLASSII/HELITRON	NF-HELITRON-24_1#CLASSII/HELITRON	99.190	1851	10	2	1232	3078	2193	344	0.0	3330
rnd-1_family-145#CLASSII/HELITRON	NF-HELITRON-24_3#CLASSII/HELITRON	99.052	1372	9	1	501	1868	1372	1	0.0	2459
rnd-1_family-48#CLASSI/LINE/R1	NF-R1-58_1#CLASSI/LINE/R1	90.645	791	74	0	4339	5129	3520	4310	0.0	1051
rnd-1_family-48#CLASSI/LINE/R1	NF-LTR-86_1#CLASSI/LTR	93.448	290	10	4	5158	5446	494	213	3.77e-118	422
rnd-1_family-48#CLASSI/LINE/R1	NF-BELPAO-113_3#CLASSI/LTR/BELPAO	92.096	291	11	5	5157	5446	501	780	1.77e-111	399
rnd-1_family-48#CLASSI/LINE/R1	NF-BELPAO-113_1#CLASSI/LTR/BELPAO	91.409	291	13	5	5157	5446	484	205	3.83e-108	388
rnd-1_family-48#CLASSI/LINE/R1	BEL-14_DP_1#CLASSI/LTR/BELPAO	83.646	373	52	5	2878	3245	2726	3094	3.02e-94	342
rnd-1_family-48#CLASSI/LINE/R1	NF-BELPAO-113_2#CLASSI/LTR/BELPAO	88.014	292	14	11	5157	5446	454	182	3.04e-89	326
rnd-1_family-48#CLASSI/LINE/R1	NF-LTR-92_1#CLASSI/LTR	97.297	37	1	0	5561	5597	39	3	2.63e-10	63.9
rnd-1_family-48#CLASSI/LINE/R1	NF-BELPAO-44_1#CLASSI/LTR/BELPAO	93.182	44	2	1	5554	5597	399	441	2.63e-10	63.9
rnd-1_family-104#CLASSII/MITE	NF-HELITRON-113_1#CLASSII/HELITRON	98.000	100	1	1	425	523	572	473	5.02e-44	172
rnd-1_family-78#CLASSI/LTR/GYPSY	NF-GYPSY-33_1#CLASSI/LTR/GYPSY	85.269	2118	263	22	6357	8455	3588	1501	0.0	2137
rnd-1_family-78#CLASSI/LTR/GYPSY	CR1-1_DPer_1#CLASSI/LINE/CR1	89.382	631	45	7	4973	5589	3382	2760	0.0	774
rnd-1_family-42#CLASSI/LTR	NF-BELPAO-28_1#CLASSI/LTR/BELPAO	100.000	7399	0	0	1	7399	1	7399	0.0	13664
rnd-1_family-149#CLASSI/LTR	NF-R1-58_1#CLASSI/LINE/R1	90.645	791	74	0	1995	2785	3520	4310	0.0	1051
rnd-1_family-149#CLASSI/LTR	NF-LTR-86_1#CLASSI/LTR	93.448	290	10	4	2814	3102	494	213	3.04e-118	422
rnd-1_family-149#CLASSI/LTR	NF-BELPAO-113_3#CLASSI/LTR/BELPAO	92.096	291	11	5	2813	3102	501	780	1.43e-111	399
rnd-1_family-149#CLASSI/LTR	NF-BELPAO-113_1#CLASSI/LTR/BELPAO	91.409	291	13	5	2813	3102	484	205	3.09e-108	388
rnd-1_family-149#CLASSI/LTR	BEL-14_DP_1#CLASSI/LTR/BELPAO	83.646	373	52	5	531	898	2726	3094	2.44e-94	342
rnd-1_family-149#CLASSI/LTR	NF-BELPAO-113_2#CLASSI/LTR/BELPAO	88.014	292	14	11	2813	3102	454	182	2.45e-89	326
rnd-1_family-149#CLASSI/LTR	NF-BELPAO-44_1#CLASSI/LTR/BELPAO	97.368	38	1	0	3231	3268	404	441	5.91e-11	65.8
rnd-1_family-149#CLASSI/LTR	NF-LTR-92_1#CLASSI/LTR	97.297	37	1	0	3232	3268	39	3	2.12e-10	63.9
rnd-1_family-154#CLASSI/LTR/GYPSY	NF-MITE-622_1#CLASSII/MITE	79.167	360	28	22	974	1300	346	1	1.69e-53	206
rnd-1_family-155#CLASSII/MITE	NF-MITE-52_1#CLASSII/MITE	100.000	1655	0	0	1	1655	1	1655	0.0	3057
rnd-1_family-161#CLASSI/LTR	NF-BELPAO-2_3#CLASSI/LTR/BELPAO	100.000	8984	0	0	1	8984	1	8984	0.0	16591
rnd-1_family-161#CLASSI/LTR	NF-BELPAO-14_1#CLASSI/LTR/BELPAO	78.590	5049	998	70	2354	7365	2088	7090	0.0	3258
rnd-1_family-177#CLASSI/LINE/L2	NF-LINE-23_1#CLASSI/LINE	100.000	4544	0	0	1	4544	1	4544	0.0	8392
rnd-1_family-188#CLASSI/LINE/R1	NF-R1-63_1#CLASSI/LINE/R1	100.000	2912	0	0	1	2912	1	2912	0.0	5378
rnd-1_family-188#CLASSI/LINE/R1	NF-R1-63_2#CLASSI/LINE/R1	98.674	905	7	5	1	900	284	1188	0.0	1600
rnd-1_family-186#CLASSI/LTR	NF-BELPAO-22_1#CLASSI/LTR/BELPAO	79.446	1299	257	5	1733	3023	5224	6520	0.0	911
rnd-1_family-203#CLASSI/LINE/R1	NF-R1-58_1#CLASSI/LINE/R1	100.000	4397	0	0	1	4397	1	4397	0.0	8120
rnd-1_family-209#CLASSI/LTR	NF-BELPAO-114_1#CLASSI/LTR/BELPAO	97.586	870	16	4	3400	4265	2514	3382	0.0	1485
rnd-1_family-209#CLASSI/LTR	NF-HELITRON-113_1#CLASSII/HELITRON	86.643	277	28	6	1223	1491	179	454	3.81e-81	298
rnd-1_family-209#CLASSI/LTR	NF-MITE-52_1#CLASSII/MITE	92.000	175	9	1	1811	1980	1	175	6.51e-64	241
rnd-1_family-215#CLASSI/LTR/GYPSY	NF-GYPSY-372_1#CLASSI/LTR/GYPSY	100.000	5127	0	0	1	5127	1	5127	0.0	9468
rnd-1_family-255#CLASSII/MITE	NF-MITE-252_1#CLASSII/MITE	100.000	37	0	0	1738	1774	37	1	1.04e-12	69.4
rnd-1_family-261_s_1#CLASSII/MITE	NF-HELITRON-113_1#CLASSII/HELITRON	90.132	456	34	9	862	1310	2	453	6.98e-167	582
rnd-1_family-284#CLASSII/MITE	NF-MITE-252_1#CLASSII/MITE	100.000	1373	0	0	1	1373	1	1373	0.0	2536
rnd-1_family-314#CLASSI/LINE/R1	NF-LINE-6_1#CLASSI/LINE	100.000	5701	0	0	1	5701	1	5701	0.0	10528
rnd-1_family-314#CLASSI/LINE/R1	NF-LINE-6_2#CLASSI/LINE	91.387	4644	400	0	1042	5685	4644	1	0.0	6360
rnd-1_family-329#CLASSI/LINE/R1	NF-R1-63_2#CLASSI/LINE/R1	100.000	1188	0	0	1	1188	1	1188	0.0	2194
rnd-1_family-329#CLASSI/LINE/R1	NF-R1-63_1#CLASSI/LINE/R1	98.674	905	7	5	284	1188	1	900	0.0	1600
rnd-1_family-324#CLASSI/LINE/R1	NF-R1-85_1#CLASSI/LINE/R1	100.000	3116	0	0	1	3116	1	3116	0.0	5755
rnd-1_family-324#CLASSI/LINE/R1	NF-LINE-43_1#CLASSI/LINE	98.873	1775	18	2	1343	3116	309	2082	0.0	3166
rnd-1_family-378#CLASSII/MITE	NF-MITE-254_1#CLASSII/MITE	100.000	1371	0	0	1	1371	1	1371	0.0	2532
rnd-1_family-385#CLASSI/LINE/L2	NF-L2-6_1#CLASSI/LINE/L2	100.000	1944	0	0	272	2215	1	1944	0.0	3591
rnd-1_family-385#CLASSI/LINE/L2	NF-L2-6_2#CLASSI/LINE/L2	99.517	1865	3	5	352	2215	1	1860	0.0	3389
rnd-1_family-409#CLASSI/LTR	BEL-14_DP_1#CLASSI/LTR/BELPAO	100.000	6551	0	0	1	6551	1	6551	0.0	12098
rnd-1_family-409#CLASSI/LTR	NF-BELPAO-114_1#CLASSI/LTR/BELPAO	90.510	706	56	10	244	944	536	1235	0.0	922
rnd-1_family-412_s_0#CLASSI/LINE	Jockey-8_DF_1#CLASSI/LINE/JOCKEY	100.000	1377	0	0	1	1377	1	1377	0.0	2543
rnd-1_family-412_s_0#CLASSI/LINE	Jockey-8_DF_2#CLASSI/LINE/JOCKEY	91.624	979	68	5	1	965	1845	2823	0.0	1341
rnd-1_family-420#CLASSII/MITE	NF-MITE-119_1#CLASSII/MITE	100.000	1655	0	0	1	1655	1	1655	0.0	3057
rnd-1_family-433#CLASSI/LINE/L2	NF-L2-6_2#CLASSI/LINE/L2	100.000	2269	0	0	308	2576	1	2269	0.0	4191
rnd-1_family-433#CLASSI/LINE/L2	NF-L2-6_1#CLASSI/LINE/L2	99.179	1948	5	10	227	2167	1	1944	0.0	3498
rnd-1_family-437#CLASSI/LINE/CR1	CR1-3_DPer_1#CLASSI/LINE/CR1	100.000	4470	0	0	1	4470	1	4470	0.0	8255
rnd-1_family-563#CLASSI/LINE/CR1	NF-LINE-35_1#CLASSI/LINE	100.000	3491	0	0	302	3792	1	3491	0.0	6447
rnd-1_family-576#CLASSI/LINE/R1	NF-LINE-43_1#CLASSI/LINE	100.000	2892	0	0	1	2892	1	2892	0.0	5341
rnd-1_family-576#CLASSI/LINE/R1	NF-R1-85_1#CLASSI/LINE/R1	98.873	1775	18	2	309	2082	1343	3116	0.0	3166
rnd-1_family-535#CLASSI/LTR	NF-BELPAO-38_1#CLASSI/LTR/BELPAO	100.000	6555	0	0	1	6555	1	6555	0.0	12105
rnd-4_family-645#CLASSI/LINE/CR1	NF-LINE-26_1#CLASSI/LINE	100.000	4305	0	0	1	4305	1	4305	0.0	7950
rnd-4_family-691_s_1#CLASSII/HELITRON	NF-HELITRON-24_4#CLASSII/HELITRON	100.000	4547	0	0	1	4547	1	4547	0.0	8397
rnd-4_family-691_s_1#CLASSII/HELITRON	NF-HELITRON-24_3#CLASSII/HELITRON	97.518	3424	31	8	1178	4547	1	3424	0.0	5803
rnd-4_family-691_s_1#CLASSII/HELITRON	NF-HELITRON-24_2#CLASSII/HELITRON	96.720	2561	50	6	1	2531	3057	501	0.0	4233
rnd-4_family-691_s_1#CLASSII/HELITRON	NF-HELITRON-24_1#CLASSII/HELITRON	96.393	1830	36	5	1	1801	365	2193	0.0	2987
rnd-4_family-281#CLASSI/LTR	NF-BELPAO-28_1#CLASSI/LTR/BELPAO	97.413	2861	50	3	2192	5029	2168	5027	0.0	4855
rnd-5_family-1256#CLASSI/LINE	Jockey-8_DF_2#CLASSI/LINE/JOCKEY	100.000	4662	0	0	1	4662	1	4662	0.0	8610
rnd-5_family-1256#CLASSI/LINE	Jockey-8_DF_1#CLASSI/LINE/JOCKEY	91.624	979	68	5	1845	2823	1	965	0.0	1341
rnd-5_family-2422_s_1#CLASSII/HELITRON	NF-HELITRON-30_1#CLASSII/HELITRON	100.000	2471	0	0	1	2471	1	2471	0.0	4564
rnd-5_family-3427#CLASSII/TIR	NF-TIR-5_1#CLASSII/TIR	100.000	1726	0	0	1	1726	1	1726	0.0	3188
rnd-5_family-10371#CLASSII/MITE	NF-MITE-423_1#CLASSII/MITE	100.000	957	0	0	1	957	1	957	0.0	1768
rnd-5_family-2241#CLASSI/LINE	NF-JOCKEY-6_1#CLASSI/LINE/JOCKEY	100.000	4614	0	0	1	4614	1	4614	0.0	8521
rnd-5_family-9724#CLASSII/MITE	Mariner-20_DRh_1#CLASSII/MITE	100.000	1604	0	0	1	1604	1	1604	0.0	2963
rnd-5_family-2979#CLASSII/MITE	NF-MITE-334_1#CLASSII/MITE	100.000	1105	0	0	1	1105	1	1105	0.0	2041
rnd-5_family-3137#CLASSII/MITE	NF-MITE-692_1#CLASSII/MITE	100.000	544	0	0	1	544	1	544	0.0	1005
rnd-5_family-2766#CLASSII/HELITRON	NF-HELITRON-24_3#CLASSII/HELITRON	100.000	3508	0	0	1	3508	1	3508	0.0	6479
rnd-5_family-2766#CLASSII/HELITRON	NF-HELITRON-24_4#CLASSII/HELITRON	97.518	3424	31	8	1	3424	1178	4547	0.0	5803
rnd-5_family-2766#CLASSII/HELITRON	NF-HELITRON-24_2#CLASSII/HELITRON	99.052	1372	9	1	1	1372	1868	501	0.0	2459
rnd-5_family-2766#CLASSII/HELITRON	NF-HELITRON-24_1#CLASSII/HELITRON	99.376	641	3	1	1	641	1554	2193	0.0	1160
rnd-5_family-5664#CLASSII/TIR	NF-TC1MARINER-101_1#CLASSII/TIR/TC1MARINER	100.000	1558	0	0	1	1558	1	1558	0.0	2878
rnd-5_family-1880#CLASSI/LINE/R1	NF-LINE-16_1#CLASSI/LINE	100.000	3626	0	0	1	3626	1	3626	0.0	6697
rnd-5_family-1880#CLASSI/LINE/R1	NF-LINE-38_1#CLASSI/LINE	76.201	2248	464	53	80	2305	617	2815	0.0	1122
rnd-5_family-3728#CLASSII/TIR	NF-MITE-45_1#CLASSII/MITE	100.000	1608	0	0	1	1608	1	1608	0.0	2918
rnd-5_family-11052#CLASSI/LINE/R1	NF-LINE-38_1#CLASSI/LINE	100.000	3265	0	0	1	3265	1	3265	0.0	6030
rnd-5_family-11052#CLASSI/LINE/R1	NF-LINE-16_1#CLASSI/LINE	76.201	2248	464	53	617	2815	80	2305	0.0	1122
rnd-5_family-17007#CLASSII/MITE	NF-MITE-106_1#CLASSII/MITE	100.000	1635	0	0	1	1635	1	1635	0.0	3020
rnd-5_family-6361#CLASSI/LINE/R1	NF-LINE-6_2#CLASSI/LINE	100.000	4644	0	0	1	4644	1	4644	0.0	8576
rnd-5_family-6361#CLASSI/LINE/R1	NF-LINE-6_1#CLASSI/LINE	92.665	5685	417	0	1	5685	5685	1	0.0	8189
rnd-5_family-900#CLASSI/LINE/R1	NF-LINE-32_1#CLASSI/LINE	100.000	1916	0	0	1	1916	1	1916	0.0	3539
rnd-5_family-82#CLASSI/LTR/GYPSY	NF-GYPSY-131_1#CLASSI/LTR/GYPSY	100.000	7997	0	0	1	7997	1	7997	0.0	14768
rnd-6_family-1735#CLASSI/LINE	NF-JOCKEY-21_1#CLASSI/LINE/JOCKEY	100.000	5176	0	0	4274	9449	1	5176	0.0	9559
rnd-6_family-1735#CLASSI/LINE	NF-HELITRON-113_1#CLASSII/HELITRON	97.938	97	2	0	353	449	572	476	5.34e-42	169
rnd-6_family-373#CLASSI/LINE/CR1	NF-HELITRON-113_1#CLASSII/HELITRON	96.689	453	11	3	41	493	450	2	0.0	756
rnd-6_family-373#CLASSI/LINE/CR1	CR1-1_DPer_1#CLASSI/LINE/CR1	96.859	382	11	1	1700	2080	3385	3766	0.0	641
ltr-1_family-1_s_2_inc#CLASSI/LTR	NF-BELPAO-111_1#CLASSI/LTR/BELPAO	91.262	721	40	12	489	1191	2367	3082	0.0	961
ltr-1_family-103_inc#CLASSI/LTR	NF-BELPAO-40_1#CLASSI/LTR/BELPAO	100.000	5044	0	0	1	5044	1	5044	0.0	9315
ltr-1_family-106_inc#CLASSI/LTR	Gypsy-32_DP_1#CLASSI/LTR/GYPSY	100.000	723	0	0	1	723	1	723	0.0	1336
ltr-1_family-12_inc#CLASSI/LTR	NF-GYPSY-342_1#CLASSI/LTR/GYPSY	97.119	2742	58	12	458	3184	2641	5376	0.0	4606
ltr-1_family-113_inc#CLASSI/LTR/GYPSY	NF-HELITRON-113_1#CLASSII/HELITRON	94.900	451	19	2	5157	5604	1	450	0.0	702
ltr-1_family-113_inc#CLASSI/LTR/GYPSY	NF-MITE-620_1#CLASSII/MITE	94.118	136	8	0	4349	4484	495	630	8.93e-54	207
ltr-1_family-113_inc#CLASSI/LTR/GYPSY	CR1-1_DPer_1#CLASSI/LINE/CR1	95.000	120	2	2	315	430	3890	3771	4.19e-47	185
ltr-1_family-115_s_1_inc#CLASSI/LTR/GYPSY	Gypsy_DS_1#CLASSI/LTR/GYPSY	100.000	7478	0	0	1	7478	1	7478	0.0	13810
ltr-1_family-117_s_1_inc#CLASSI/LTR	NF-GYPSY-162_1#CLASSI/LTR/GYPSY	83.057	3140	520	11	1	3134	2611	5744	0.0	2841
ltr-1_family-117_s_2_inc#CLASSI/LTR	NF-GYPSY-162_1#CLASSI/LTR/GYPSY	81.884	138	15	8	622	753	790	923	3.18e-24	108
ltr-1_family-120_inc#CLASSI/LTR	NF-BELPAO-2_3#CLASSI/LTR/BELPAO	80.088	457	37	33	7	418	8378	8825	6.49e-80	291
ltr-1_family-121_s_1_inc#CLASSI/LTR	NF-GYPSY-351_1#CLASSI/LTR/GYPSY	99.622	1850	3	2	1	1846	3127	4976	0.0	3374
ltr-1_family-122_inc#CLASSI/LTR/GYPSY	NF-GYPSY-351_1#CLASSI/LTR/GYPSY	100.000	4976	0	0	1	4976	1	4976	0.0	9190
ltr-1_family-14_inc#CLASSI/LTR	NF-BELPAO-111_1#CLASSI/LTR/BELPAO	93.471	582	24	4	1	582	398	965	0.0	852
ltr-1_family-132_inc#CLASSI/LTR	NF-HELITRON-113_1#CLASSII/HELITRON	93.201	353	10	7	1712	2050	452	100	5.92e-144	507
ltr-1_family-132_inc#CLASSI/LTR	NF-LINE-25_1#CLASSI/LINE	84.559	136	1	10	5349	5464	3557	3692	1.17e-26	117
ltr-1_family-133_s_1_inc#CLASSI/LTR	NF-GYPSY-450_1#CLASSI/LTR/GYPSY	100.000	2839	0	0	1	2839	1	2839	0.0	5243
ltr-1_family-133_s_1_inc#CLASSI/LTR	NF-GYPSY-450_2#CLASSI/LTR/GYPSY	100.000	191	0	0	2649	2839	7	197	4.11e-98	353
ltr-1_family-133_s_2_inc#CLASSI/LTR	NF-GYPSY-450_2#CLASSI/LTR/GYPSY	100.000	1201	0	0	1	1201	1	1201	0.0	2218
ltr-1_family-133_s_2_inc#CLASSI/LTR	NF-GYPSY-450_1#CLASSI/LTR/GYPSY	100.000	191	0	0	7	197	2649	2839	1.72e-98	353
ltr-1_family-135_inc#CLASSI/LTR	NF-HELITRON-113_1#CLASSII/HELITRON	94.421	466	17	1	1723	2188	1	457	0.0	708
ltr-1_family-15_s_2_inc#CLASSI/LTR	BEL-8_DPe_1#CLASSI/LTR/BELPAO	99.787	2823	5	1	1110	3932	1	2822	0.0	5179
ltr-1_family-15_s_2_inc#CLASSI/LTR	Nobel_I_1#CLASSI/LTR/BELPAO	80.127	2370	438	25	1578	3932	1688	4039	0.0	1736
ltr-1_family-141_s_2_inc#CLASSI/LTR	NF-GYPSY-198_1#CLASSI/LTR/GYPSY	100.000	1681	0	0	1	1681	1	1681	0.0	3105
ltr-1_family-141_s_2_inc#CLASSI/LTR	NF-GYPSY-198_2#CLASSI/LTR/GYPSY	90.519	443	39	3	985	1426	9	449	2.84e-167	582
ltr-1_family-146_s_1_inc#CLASSI/LTR	NF-GYPSY-241_1#CLASSI/LTR/GYPSY	97.668	386	1	1	2551	2936	1	378	0.0	656
ltr-1_family-146_s_2_inc#CLASSI/LTR	NF-GYPSY-241_1#CLASSI/LTR/GYPSY	100.000	1573	0	0	1	1573	1	1573	0.0	2905
ltr-1_family-16_inc#CLASSI/LTR	BEL-8_DPe_1#CLASSI/LTR/BELPAO	98.733	2762	34	1	954	3715	164	2924	0.0	4957
ltr-1_family-16_inc#CLASSI/LTR	Nobel_I_1#CLASSI/LTR/BELPAO	80.202	2470	460	23	1259	3715	1688	4141	0.0	1847
ltr-1_family-154_inc#CLASSI/LTR	NF-GYPSY-228_1#CLASSI/LTR/GYPSY	88.907	1217	108	16	1248	2437	4239	5455	0.0	1474
ltr-1_family-154_inc#CLASSI/LTR	NF-GYPSY-228_2#CLASSI/LTR/GYPSY	87.154	794	76	13	1248	2015	4091	4884	0.0	878
ltr-1_family-154_inc#CLASSI/LTR	LOA-1_DPer_1#CLASSI/LINE/LOA	85.202	223	32	1	3429	3650	3810	4032	5.69e-60	228
ltr-1_family-17_inc#CLASSI/LTR	NF-GYPSY-372_1#CLASSI/LTR/GYPSY	98.703	771	1	4	1	762	4357	5127	0.0	1360
ltr-1_family-170_inc#CLASSI/LTR	NF-GYPSY-68_1#CLASSI/LTR/GYPSY	100.000	6082	0	0	1	6082	1	6082	0.0	11232
ltr-1_family-18_inc#CLASSI/LTR/GYPSY	NF-GYPSY-372_1#CLASSI/LTR/GYPSY	99.878	2451	2	1	1	2451	278	2727	0.0	4508
ltr-1_family-18_inc#CLASSI/LTR/GYPSY	NF-BELPAO-2_3#CLASSI/LTR/BELPAO	99.288	281	2	0	2457	2737	1	281	1.43e-144	508
ltr-1_family-19_s_1_inc#CLASSI/LTR	NF-GYPSY-208_2#CLASSI/LTR/GYPSY	100.000	2823	0	0	1	2823	1	2823	0.0	5214
ltr-1_family-19_s_1_inc#CLASSI/LTR	NF-GYPSY-208_1#CLASSI/LTR/GYPSY	98.173	2463	10	14	1	2462	4313	6741	0.0	4266
ltr-1_family-23_s_2_inc#CLASSI/LTR	NF-GYPSY-298_1#CLASSI/LTR/GYPSY	100.000	5163	0	0	1	5163	1	5163	0.0	9535
ltr-1_family-23_s_2_inc#CLASSI/LTR	NF-LTR-55_1#CLASSI/LTR	97.460	433	11	0	1	433	433	1	0.0	739
ltr-1_family-25_s_3_inc#CLASSI/LTR/GYPSY	NF-GYPSY-521_1#CLASSI/LTR/GYPSY	85.449	323	24	17	1895	2200	1	317	1.50e-86	315
ltr-1_family-25_s_3_inc#CLASSI/LTR/GYPSY	Dsus_1#CLASSI/LTR/GYPSY	82.656	369	47	14	1846	2200	437	802	1.94e-85	311
ltr-1_family-25_s_3_inc#CLASSI/LTR/GYPSY	NF-GYPSY-228_1#CLASSI/LTR/GYPSY	74.468	282	58	12	904	1178	5708	5982	7.60e-25	110
ltr-1_family-26_inc#CLASSI/LTR/GYPSY	NF-GYPSY-208_1#CLASSI/LTR/GYPSY	77.785	2917	602	39	9018	11917	3440	6327	0.0	1755
ltr-1_family-26_inc#CLASSI/LTR/GYPSY	NF-GYPSY-208_2#CLASSI/LTR/GYPSY	77.078	2033	428	30	9899	11917	9	2017	0.0	1138
ltr-1_family-26_inc#CLASSI/LTR/GYPSY	NF-HELITRON-113_1#CLASSII/HELITRON	90.332	331	2	6	15430	15731	453	124	2.21e-113	407
ltr-1_family-26_inc#CLASSI/LTR/GYPSY	Dsus_1#CLASSI/LTR/GYPSY	77.331	472	61	27	12127	12578	440	885	3.07e-62	237
ltr-1_family-27_s_1_inc#CLASSI/LTR	BEL-13_DTa_1#CLASSI/LTR/BELPAO	100.000	3171	0	0	1	3171	1	3171	0.0	5856
ltr-1_family-27_s_1_inc#CLASSI/LTR	NF-BELPAO-131_1#CLASSI/LTR/BELPAO	97.712	306	4	3	2863	3166	31	335	3.31e-149	523
ltr-1_family-27_s_2_inc#CLASSI/LTR	NF-BELPAO-131_1#CLASSI/LTR/BELPAO	100.000	1351	0	0	1	1351	1	1351	0.0	2495
ltr-1_family-27_s_2_inc#CLASSI/LTR	BEL-13_DTa_1#CLASSI/LTR/BELPAO	97.712	306	4	3	31	335	2863	3166	1.40e-149	523
ltr-1_family-28_inc#CLASSI/LTR	NF-BELPAO-131_1#CLASSI/LTR/BELPAO	98.725	706	8	1	1	706	336	1040	0.0	1253
ltr-1_family-28_inc#CLASSI/LTR	BEL-13_DTa_1#CLASSI/LTR/BELPAO	97.691	433	5	1	2689	3121	2434	2861	0.0	739
ltr-1_family-29_inc#CLASSI/LTR	NF-BELPAO-66_1#CLASSI/LTR/BELPAO	99.443	2874	9	5	1	2869	195	3066	0.0	5212
ltr-1_family-4_inc#CLASSI/LTR/GYPSY	NF-GYPSY-423_1#CLASSI/LTR/GYPSY	99.914	2336	0	1	1136	3471	612	2945	0.0	4301
ltr-1_family-4_inc#CLASSI/LTR/GYPSY	NF-HELITRON-113_1#CLASSII/HELITRON	94.647	467	11	7	3789	4255	1	453	0.0	717
ltr-1_family-32_s_3_inc#CLASSI/LTR	NF-GYPSY-228_2#CLASSI/LTR/GYPSY	100.000	4884	0	0	1	4884	1	4884	0.0	9020
ltr-1_family-32_s_3_inc#CLASSI/LTR	NF-GYPSY-228_1#CLASSI/LTR/GYPSY	98.284	3962	49	13	927	4884	1086	5032	0.0	6922
ltr-1_family-33_inc#CLASSI/LTR/GYPSY	NF-GYPSY-228_2#CLASSI/LTR/GYPSY	98.053	3646	51	15	1	3632	348	3987	0.0	6364
ltr-1_family-33_inc#CLASSI/LTR/GYPSY	NF-GYPSY-228_1#CLASSI/LTR/GYPSY	97.913	3067	46	13	567	3632	1086	4135	0.0	5330
ltr-1_family-33_inc#CLASSI/LTR/GYPSY	NF-HELITRON-113_1#CLASSII/HELITRON	95.879	461	10	5	3950	4410	2	453	0.0	737
ltr-1_family-40_inc#CLASSI/LTR	NF-BELPAO-84_1#CLASSI/LTR/BELPAO	99.229	778	1	4	501	1276	1	775	0.0	1399
ltr-1_family-5_inc#CLASSI/LTR/GYPSY	NF-GYPSY-33_1#CLASSI/LTR/GYPSY	98.478	6439	71	15	3893	10310	503	6935	0.0	11322
ltr-1_family-5_inc#CLASSI/LTR/GYPSY	NF-HELITRON-113_1#CLASSII/HELITRON	89.947	378	22	6	2759	3125	453	81	1.11e-133	473
ltr-1_family-44_s_2_inc#CLASSI/LTR	NF-CMC-3_1#CLASSII/TIR/CMC	99.065	107	0	1	3232	3337	2	108	4.01e-49	191
ltr-1_family-52_s_0_inc#CLASSI/LTR	NF-LTR-86_1#CLASSI/LTR	100.000	494	0	0	1	494	1	494	0.0	913
ltr-1_family-52_s_0_inc#CLASSI/LTR	NF-BELPAO-113_3#CLASSI/LTR/BELPAO	96.473	482	13	2	14	494	980	502	0.0	793
ltr-1_family-52_s_0_inc#CLASSI/LTR	NF-BELPAO-113_1#CLASSI/LTR/BELPAO	96.266	482	11	6	14	494	2949	3424	0.0	784
ltr-1_family-52_s_0_inc#CLASSI/LTR	NF-BELPAO-113_2#CLASSI/LTR/BELPAO	88.613	483	23	13	14	494	1	453	1.37e-160	558
ltr-1_family-52_s_0_inc#CLASSI/LTR	NF-LTR-92_1#CLASSI/LTR	97.368	38	1	0	13	50	2	39	3.64e-12	65.8
ltr-1_family-52_s_0_inc#CLASSI/LTR	NF-BELPAO-44_1#CLASSI/LTR/BELPAO	97.297	37	1	0	14	50	441	405	1.31e-11	63.9
ltr-1_family-56_inc#CLASSI/LTR/GYPSY	NF-HELITRON-113_1#CLASSII/HELITRON	93.162	468	10	8	4107	4564	2	457	0.0	667
ltr-1_family-56_inc#CLASSI/LTR/GYPSY	Dsus_1#CLASSI/LTR/GYPSY	91.304	46	3	1	8182	8226	437	482	8.12e-10	62.1
ltr-1_family-7_inc#CLASSI/LTR	BEL-14_DP_1#CLASSI/LTR/BELPAO	98.162	3047	35	6	331	3358	3455	6499	0.0	5297
ltr-1_family-7_inc#CLASSI/LTR	NF-MITE-270_1#CLASSII/MITE	94.696	905	27	8	11566	12451	1233	331	0.0	1386
ltr-1_family-7_inc#CLASSI/LTR	NF-HELITRON-113_1#CLASSII/HELITRON	89.744	78	7	1	3836	3913	1	77	9.37e-21	99.0
ltr-1_family-61_s_1_inc#CLASSI/LTR	NF-GYPSY-396_1#CLASSI/LTR/GYPSY	100.000	721	0	0	1	721	1	721	0.0	1332
ltr-1_family-61_s_1_inc#CLASSI/LTR	NF-GYPSY-396_2#CLASSI/LTR/GYPSY	99.242	264	0	2	21	284	490	751	2.09e-135	475
ltr-1_family-61_s_2_inc#CLASSI/LTR	NF-GYPSY-396_2#CLASSI/LTR/GYPSY	100.000	751	0	0	1	751	1	751	0.0	1387
ltr-1_family-61_s_2_inc#CLASSI/LTR	NF-GYPSY-396_1#CLASSI/LTR/GYPSY	99.242	264	0	2	490	751	21	284	2.18e-135	475
ltr-1_family-62_inc#CLASSI/LTR/GYPSY	NF-GYPSY-396_2#CLASSI/LTR/GYPSY	99.796	489	1	0	4032	4520	1	489	0.0	898
ltr-1_family-62_inc#CLASSI/LTR/GYPSY	NF-GYPSY-396_1#CLASSI/LTR/GYPSY	97.189	249	4	3	163	410	475	721	2.29e-117	418
ltr-1_family-63_inc#CLASSI/LTR	NF-GYPSY-292_1#CLASSI/LTR/GYPSY	100.000	4748	0	0	1	4748	1	4748	0.0	8769
ltr-1_family-64_inc#CLASSI/LTR/GYPSY	NF-GYPSY-292_1#CLASSI/LTR/GYPSY	98.704	1157	12	3	617	1770	3106	4262	0.0	2050
ltr-1_family-65_s_0_inc#CLASSI/LTR	NF-LTR-92_1#CLASSI/LTR	100.000	468	0	0	1	468	1	468	0.0	865
ltr-1_family-65_s_0_inc#CLASSI/LTR	NF-BELPAO-44_1#CLASSI/LTR/BELPAO	92.290	441	30	4	3	439	441	1	4.52e-180	623
ltr-1_family-65_s_0_inc#CLASSI/LTR	NF-LTR-86_1#CLASSI/LTR	97.368	38	1	0	2	39	13	50	3.44e-12	65.8
ltr-1_family-65_s_0_inc#CLASSI/LTR	NF-BELPAO-113_3#CLASSI/LTR/BELPAO	97.297	37	1	0	3	39	980	944	1.24e-11	63.9
ltr-1_family-65_s_0_inc#CLASSI/LTR	NF-BELPAO-113_1#CLASSI/LTR/BELPAO	97.297	37	1	0	3	39	2949	2985	1.24e-11	63.9
ltr-1_family-70_inc#CLASSI/LTR	NF-HELITRON-113_1#CLASSII/HELITRON	92.887	478	10	9	2249	2726	2	455	0.0	680
ltr-1_family-8_inc#CLASSI/LTR	LOA-1_DPer_1#CLASSI/LINE/LOA	97.376	2744	60	10	1	2735	1202	3942	0.0	4658
ltr-1_family-8_inc#CLASSI/LTR	NF-GYPSY-33_1#CLASSI/LTR/GYPSY	84.817	1337	163	13	4357	5655	1493	2827	0.0	1308
ltr-1_family-71_inc#CLASSI/LTR/GYPSY	NF-HELITRON-113_1#CLASSII/HELITRON	97.111	450	12	1	4723	5172	2	450	0.0	758
ltr-1_family-71_inc#CLASSI/LTR/GYPSY	NF-GYPSY-228_1#CLASSI/LTR/GYPSY	74.823	282	57	12	6458	6732	5708	5982	5.56e-26	115
ltr-1_family-71_inc#CLASSI/LTR/GYPSY	Dsus_1#CLASSI/LTR/GYPSY	91.489	47	3	1	7400	7445	437	483	2.04e-10	63.9
ltr-1_family-74_s_2_inc#CLASSI/LTR	BEL-3_DPer_2#CLASSI/LTR/BELPAO	100.000	904	0	0	1	904	1	904	0.0	1670
ltr-1_family-74_s_2_inc#CLASSI/LTR	BEL-3_DPer_1#CLASSI/LTR/BELPAO	98.545	825	10	2	81	904	1	824	0.0	1456
ltr-1_family-74_s_2_inc#CLASSI/LTR	BEL-3_DPer_3#CLASSI/LTR/BELPAO	94.845	388	16	4	20	405	1	386	1.16e-173	603
ltr-1_family-74_s_0_inc#CLASSI/LTR	BEL-3_DPer_3#CLASSI/LTR/BELPAO	100.000	386	0	0	1	386	1	386	0.0	713
ltr-1_family-74_s_0_inc#CLASSI/LTR	BEL-3_DPer_2#CLASSI/LTR/BELPAO	94.845	388	16	4	1	386	20	405	4.82e-174	603
ltr-1_family-74_s_0_inc#CLASSI/LTR	BEL-3_DPer_1#CLASSI/LTR/BELPAO	93.299	388	22	4	1	386	5900	6285	4.89e-164	569
ltr-1_family-80_s_2_inc#CLASSI/LTR	NF-LTR-55_1#CLASSI/LTR	100.000	789	0	0	1	789	1	789	0.0	1458
ltr-1_family-80_s_2_inc#CLASSI/LTR	NF-GYPSY-298_1#CLASSI/LTR/GYPSY	97.460	433	11	0	1	433	433	1	0.0	739
ltr-1_family-81_inc#CLASSI/LTR/GYPSY	NF-GYPSY-298_1#CLASSI/LTR/GYPSY	96.187	1049	39	1	66	1114	1	1048	0.0	1714
ltr-1_family-81_inc#CLASSI/LTR/GYPSY	NF-LTR-55_1#CLASSI/LTR	98.196	499	8	1	1	499	498	1	0.0	870
ltr-1_family-83_inc#CLASSI/LTR	Nobel_I_1#CLASSI/LTR/BELPAO	99.173	3384	19	4	566	3941	1132	4514	0.0	6085
ltr-1_family-83_inc#CLASSI/LTR	BEL-8_DPe_1#CLASSI/LTR/BELPAO	80.767	2844	516	25	1115	3941	468	3297	0.0	2193
ltr-1_family-86_inc#CLASSI/LTR	NF-BELPAO-30_1#CLASSI/LTR/BELPAO	99.518	830	2	2	4345	5173	1	829	0.0	1509
ltr-1_family-88_s_1_inc#CLASSI/LTR/GYPSY	Dsus_1#CLASSI/LTR/GYPSY	99.522	418	1	1	1	417	489	906	0.0	760
ltr-1_family-88_s_1_inc#CLASSI/LTR/GYPSY	NF-GYPSY-521_1#CLASSI/LTR/GYPSY	86.866	434	34	15	13	431	13	438	1.09e-131	464
ltr-1_family-88_s_2_inc#CLASSI/LTR/GYPSY	Dsus_1#CLASSI/LTR/GYPSY	100.000	916	0	0	1	916	1	916	0.0	1692
ltr-1_family-88_s_2_inc#CLASSI/LTR/GYPSY	NF-GYPSY-521_1#CLASSI/LTR/GYPSY	86.936	421	34	13	487	896	1	411	1.25e-128	453
ltr-1_family-88_s_3_inc#CLASSI/LTR/GYPSY	Dsus_1#CLASSI/LTR/GYPSY	82.743	452	59	16	341	777	437	884	4.08e-108	385
ltr-1_family-88_s_3_inc#CLASSI/LTR/GYPSY	NF-GYPSY-521_1#CLASSI/LTR/GYPSY	83.212	411	38	24	390	779	1	401	5.35e-97	348
ltr-1_family-88_s_4_inc#CLASSI/LTR/GYPSY	Loa-1_DK_1#CLASSI/LINE/LOA	87.382	317	16	3	3	295	2367	2683	5.09e-95	342
ltr-1_family-88_s_4_inc#CLASSI/LTR/GYPSY	NF-GYPSY-521_1#CLASSI/LTR/GYPSY	80.488	410	40	26	300	678	1	401	1.46e-75	278
ltr-1_family-88_s_4_inc#CLASSI/LTR/GYPSY	Dsus_1#CLASSI/LTR/GYPSY	78.660	403	59	18	298	676	485	884	5.31e-65	243
ltr-1_family-88_s_0_inc#CLASSI/LTR/GYPSY	NF-GYPSY-521_1#CLASSI/LTR/GYPSY	100.000	455	0	0	1	455	1	455	0.0	841
ltr-1_family-88_s_0_inc#CLASSI/LTR/GYPSY	Dsus_1#CLASSI/LTR/GYPSY	86.936	421	34	13	1	411	487	896	6.10e-129	453
ltr-1_family-90_inc#CLASSI/LTR	Copia-2_DPer_1#CLASSI/LTR/COPIA	97.858	3688	43	18	10879	14538	618	4297	0.0	6340
ltr-1_family-90_inc#CLASSI/LTR	Copia-2_DPer_2#CLASSI/LTR/COPIA	99.800	499	0	1	14040	14538	1	498	0.0	915
ltr-1_family-10_inc#CLASSI/LTR	NF-BELPAO-14_1#CLASSI/LTR/BELPAO	99.632	816	0	2	512	1324	1	816	0.0	1487
ltr-1_family-94_inc#CLASSI/LTR	NF-GYPSY-52_2#CLASSI/LTR/GYPSY	100.000	2459	0	0	1	2459	1	2459	0.0	4542
ltr-1_family-95_inc#CLASSI/LTR/GYPSY	NF-GYPSY-52_2#CLASSI/LTR/GYPSY	99.252	936	4	2	15	947	1507	2442	0.0	1687
ltr-1_family-95_inc#CLASSI/LTR/GYPSY	NF-HELITRON-113_1#CLASSII/HELITRON	93.869	473	12	4	7312	7784	457	2	0.0	697
ltr-1_family-96_s_1_inc#CLASSI/LTR	NF-GYPSY-320_1#CLASSI/LTR/GYPSY	94.919	2165	33	29	511	2607	4	2159	0.0	3317
ltr-1_family-96_s_2_inc#CLASSI/LTR	NF-GYPSY-320_1#CLASSI/LTR/GYPSY	100.000	5194	0	0	1	5194	1	5194	0.0	9592
ltr-1_family-97_inc#CLASSI/LTR/GYPSY	NF-GYPSY-320_1#CLASSI/LTR/GYPSY	98.060	1701	28	2	2949	4645	3259	4958	0.0	2953
ltr-1_family-99_inc#CLASSI/LTR/GYPSY	NF-GYPSY-353_2#CLASSI/LTR/GYPSY	100.000	4328	0	0	1	4328	1	4328	0.0	7993
ltr-1_family-99_inc#CLASSI/LTR/GYPSY	NF-GYPSY-353_1#CLASSI/LTR/GYPSY	97.995	3292	40	4	1	3266	195	3486	0.0	5690
ltr-1_family-100_inc#CLASSI/LTR	NF-GYPSY-198_2#CLASSI/LTR/GYPSY	100.000	830	0	0	1	830	1	830	0.0	1533
ltr-1_family-100_inc#CLASSI/LTR	NF-GYPSY-198_1#CLASSI/LTR/GYPSY	90.519	443	39	3	9	449	985	1426	1.38e-167	582
rnd-1_family-13_inc#CLASSII/HELITRON	Loa-1_DK_1#CLASSI/LINE/LOA	91.711	2280	186	3	1609	3886	4824	2546	0.0	3160
rnd-1_family-13_inc#CLASSII/HELITRON	NF-HELITRON-113_1#CLASSII/HELITRON	95.455	462	8	9	6301	6762	450	2	0.0	725
rnd-1_family-13_inc#CLASSII/HELITRON	NF-CMC-3_1#CLASSII/TIR/CMC	92.857	266	13	4	1	260	266	1	5.06e-106	381
rnd-1_family-13_inc#CLASSII/HELITRON	NF-BELPAO-35_1#CLASSI/LTR/BELPAO	90.071	141	8	4	5227	5367	4383	4249	7.13e-45	178
rnd-1_family-13_inc#CLASSII/HELITRON	NF-BELPAO-2_3#CLASSI/LTR/BELPAO	82.778	180	22	8	7354	7532	454	625	4.32e-37	152
rnd-1_family-11_inc#CLASSII/TIR	NF-COPIA-29_1#CLASSI/LTR/COPIA	98.810	336	2	2	1950	2283	4510	4175	3.15e-171	597
rnd-1_family-11_inc#CLASSII/TIR	NF-HELITRON-113_1#CLASSII/HELITRON	97.436	78	2	0	2856	2933	2	79	1.07e-31	134
rnd-1_family-21_inc#CLASSI/LTR	NF-HELITRON-113_1#CLASSII/HELITRON	96.732	306	9	1	19	324	306	2	4.66e-145	508
rnd-1_family-15_inc#CLASSII/HELITRON	NF-HELITRON-113_1#CLASSII/HELITRON	90.769	455	14	8	3666	4094	453	1	9.48e-167	582
rnd-1_family-111_s_3_inc#CLASSI/LTR	NF-BELPAO-2_3#CLASSI/LTR/BELPAO	75.118	2110	484	36	1710	3797	1886	3976	0.0	950
rnd-1_family-68_inc#CLASSI/LTR/GYPSY	NF-GYPSY-33_1#CLASSI/LTR/GYPSY	78.844	813	136	25	414	1196	3020	3826	4.24e-147	516
rnd-1_family-2_inc#CLASSII/TIR	NF-CMC-3_1#CLASSII/TIR/CMC	98.168	2292	29	8	3795	6080	2312	28	0.0	3988
rnd-1_family-2_inc#CLASSII/TIR	NF-GYPSY-450_2#CLASSI/LTR/GYPSY	90.367	218	21	0	2731	2948	984	1201	1.22e-77	287
rnd-1_family-2_inc#CLASSII/TIR	Nobel_I_1#CLASSI/LTR/BELPAO	88.991	218	19	5	7773	7988	6856	7070	5.71e-71	265
rnd-1_family-5_inc#CLASSII/HELITRON	NF-HELITRON-113_1#CLASSII/HELITRON	95.633	458	11	5	669	1126	450	2	0.0	726
rnd-1_family-5_inc#CLASSII/HELITRON	NF-MITE-622_1#CLASSII/MITE	87.273	110	8	2	2743	2846	110	1	5.09e-28	121
rnd-1_family-113_inc#CLASSI/LTR	NF-BELPAO-2_3#CLASSI/LTR/BELPAO	73.468	1142	273	29	1	1127	2850	3976	8.54e-113	403
rnd-1_family-114_inc#CLASSI/LTR	NF-MITE-265_1#CLASSII/MITE	100.000	1333	0	0	1	1333	1	1333	0.0	2462
rnd-1_family-118_inc#CLASSI/LTR	NF-BELPAO-44_1#CLASSI/LTR/BELPAO	78.022	273	54	4	1414	1683	3417	3148	7.19e-54	206
rnd-1_family-27_inc#CLASSII/TIR/P	NF-HELITRON-113_1#CLASSII/HELITRON	94.771	306	15	1	910	1215	306	2	3.86e-135	475
rnd-1_family-88_inc#CLASSI/LTR	NF-BELPAO-14_1#CLASSI/LTR/BELPAO	74.109	1684	377	50	1	1654	4012	5666	0.0	806
rnd-1_family-150_s_1_inc#CLASSII/TIR	NF-CMC-3_1#CLASSII/TIR/CMC	97.041	676	13	7	1	669	1634	959	0.0	1131
rnd-1_family-162_inc#CLASSII/HELITRON	NF-HELITRON-24_2#CLASSII/HELITRON	96.897	1740	24	7	123	1832	1740	1	0.0	2887
rnd-1_family-162_inc#CLASSII/HELITRON	NF-HELITRON-24_3#CLASSII/HELITRON	97.908	1243	15	5	120	1351	130	1372	0.0	2141
rnd-1_family-162_inc#CLASSII/HELITRON	NF-HELITRON-24_4#CLASSII/HELITRON	95.897	1243	22	7	120	1351	1307	2531	0.0	1986
rnd-1_family-162_inc#CLASSII/HELITRON	NF-HELITRON-24_1#CLASSII/HELITRON	96.484	512	8	4	120	622	1683	2193	0.0	837
rnd-1_family-187_inc#CLASSII/TIR	CR1-1_DPer_1#CLASSI/LINE/CR1	90.934	1114	54	19	1654	2736	4543	3446	0.0	1454
rnd-1_family-187_inc#CLASSII/TIR	NF-HELITRON-113_1#CLASSII/HELITRON	90.408	417	28	9	26	440	1	407	1.02e-153	538
rnd-1_family-187_inc#CLASSII/TIR	NF-BELPAO-113_1#CLASSI/LTR/BELPAO	96.959	296	5	4	447	742	3240	2949	2.24e-140	494
rnd-1_family-187_inc#CLASSII/TIR	NF-LTR-86_1#CLASSI/LTR	95.050	303	10	3	447	746	310	10	1.05e-133	472
rnd-1_family-187_inc#CLASSII/TIR	NF-BELPAO-113_3#CLASSI/LTR/BELPAO	93.919	296	17	1	447	742	686	980	6.35e-126	446
rnd-1_family-187_inc#CLASSII/TIR	NF-BELPAO-113_2#CLASSI/LTR/BELPAO	86.195	297	19	12	447	742	276	1	1.46e-82	302
rnd-1_family-189_s_2_inc#CLASSI/LTR/GYPSY	NF-GYPSY-33_1#CLASSI/LTR/GYPSY	82.877	438	65	9	3277	3709	3356	3788	2.45e-107	385
rnd-1_family-189_s_0_s_0_inc#CLASSI/LTR/GYPSY	NF-GYPSY-33_1#CLASSI/LTR/GYPSY	81.187	1281	226	12	1535	2806	1493	2767	0.0	1016
rnd-1_family-217_inc#CLASSI/LINE/R1	NF-LINE-6_1#CLASSI/LINE	93.132	3247	203	5	442	3668	2455	5701	0.0	4743
rnd-1_family-217_inc#CLASSI/LINE/R1	NF-LINE-6_2#CLASSI/LINE	93.067	3231	204	5	442	3652	3231	1	0.0	4708
rnd-1_family-238_inc#CLASSI/LTR	NF-BELPAO-114_1#CLASSI/LTR/BELPAO	89.818	1483	100	36	89	1549	1	1454	0.0	1855
rnd-1_family-238_inc#CLASSI/LTR	BEL-14_DP_1#CLASSI/LTR/BELPAO	79.136	671	95	30	684	1330	295	944	1.05e-118	422
rnd-1_family-243_inc#CLASSI/LTR	NF-GYPSY-208_2#CLASSI/LTR/GYPSY	95.894	1778	48	18	6108	7871	1	1767	0.0	2856
rnd-1_family-243_inc#CLASSI/LTR	NF-GYPSY-208_1#CLASSI/LTR/GYPSY	95.480	1792	54	20	6094	7871	4299	6077	0.0	2835
rnd-1_family-243_inc#CLASSI/LTR	NF-CMC-3_1#CLASSII/TIR/CMC	97.388	689	1	9	4557	5231	3603	2918	0.0	1157
rnd-1_family-243_inc#CLASSI/LTR	NF-LTR-106_1#CLASSI/LTR	97.917	48	1	0	4526	4573	417	370	1.66e-16	84.2
rnd-1_family-272_inc#CLASSI/LTR/GYPSY	NF-GYPSY-208_2#CLASSI/LTR/GYPSY	95.888	2140	57	22	3568	5687	2129	1	0.0	3435
rnd-1_family-272_inc#CLASSI/LTR/GYPSY	NF-GYPSY-208_1#CLASSI/LTR/GYPSY	95.497	2154	64	24	3568	5701	6439	4299	0.0	3410
rnd-1_family-272_inc#CLASSI/LTR/GYPSY	NF-CMC-3_1#CLASSII/TIR/CMC	98.312	237	0	4	5865	6097	1	237	1.44e-115	412
rnd-1_family-338_inc#CLASSI/LTR	NF-BELPAO-114_1#CLASSI/LTR/BELPAO	81.378	784	101	35	389	1148	692	1454	1.62e-171	597
rnd-1_family-355_inc#CLASSI/LTR	NF-BELPAO-114_1#CLASSI/LTR/BELPAO	90.000	80	7	1	276	354	520	599	1.17e-22	102
rnd-1_family-412_s_2_inc#CLASSI/LINE	Jockey-8_DF_2#CLASSI/LINE/JOCKEY	91.012	1324	78	15	7085	8368	1342	2664	0.0	1748
rnd-1_family-412_s_2_inc#CLASSI/LINE	NF-HELITRON-24_3#CLASSII/HELITRON	96.750	1046	22	5	1	1034	763	1808	0.0	1733
rnd-1_family-412_s_2_inc#CLASSI/LINE	NF-HELITRON-24_4#CLASSII/HELITRON	96.272	1046	26	6	1	1034	1923	2967	0.0	1703
rnd-1_family-412_s_2_inc#CLASSI/LINE	NF-HELITRON-24_2#CLASSII/HELITRON	96.885	610	15	4	1	606	1110	501	0.0	1018
rnd-1_family-412_s_2_inc#CLASSI/LINE	Jockey-8_DF_1#CLASSI/LINE/JOCKEY	87.500	808	72	11	7570	8355	1	801	0.0	905
rnd-1_family-412_s_2_inc#CLASSI/LINE	NF-HELITRON-113_1#CLASSII/HELITRON	93.606	391	18	5	12955	13338	26	416	1.06e-164	577
rnd-1_family-412_s_2_inc#CLASSI/LINE	NF-BELPAO-2_3#CLASSI/LTR/BELPAO	80.734	109	12	6	1049	1149	501	608	4.71e-14	76.8
rnd-1_family-425_inc#CLASSI/LINE	NF-JOCKEY-153_1#CLASSI/LINE/JOCKEY	100.000	765	0	0	1	765	1	765	0.0	1413
rnd-1_family-429_inc#CLASSI/LINE	LOA-1_DPer_1#CLASSI/LINE/LOA	85.677	384	49	5	1396	1775	3838	4219	5.73e-112	399
rnd-1_family-430_inc#CLASSI/LINE/R1	NF-R1-4_1#CLASSI/LINE/R1	100.000	331	0	0	1	331	1	331	1.49e-163	568
rnd-1_family-423_s_1_inc#CLASSII/HELITRON	Helitron-1_DPe_1#CLASSII/HELITRON	89.734	1315	104	20	1540	2838	1162	2461	0.0	1652
rnd-1_family-455_s_2_inc#CLASSI/LTR/GYPSY	NF-GYPSY-33_1#CLASSI/LTR/GYPSY	99.519	6034	22	3	1	6028	1015	7047	0.0	10975
rnd-1_family-510_inc#CLASSI/LTR/GYPSY	NF-GYPSY-208_1#CLASSI/LTR/GYPSY	97.309	1115	25	4	1114	2227	1020	2130	0.0	1888
rnd-1_family-510_inc#CLASSI/LTR/GYPSY	NF-GYPSY-208_2#CLASSI/LTR/GYPSY	95.884	413	9	1	1	413	2414	2818	0.0	662
rnd-1_family-536_inc#CLASSII/TIR	NF-HELITRON-113_1#CLASSII/HELITRON	95.154	454	16	4	1737	2185	453	1	0.0	712
rnd-1_family-551_inc#CLASSI/LINE	NF-MITE-676_1#CLASSII/MITE	89.145	304	21	8	8308	8607	230	525	4.86e-102	368
rnd-1_family-537_inc#CLASSI/LTR	BEL-2_DPer_1#CLASSI/LTR/BELPAO	94.334	353	3	1	2864	3199	2551	2199	9.28e-150	525
rnd-1_family-537_inc#CLASSI/LTR	NF-LTR-106_1#CLASSI/LTR	92.533	375	14	9	2834	3199	417	48	9.28e-150	525
rnd-1_family-582_inc#CLASSI/LTR/GYPSY	NF-GYPSY-102_1#CLASSI/LTR/GYPSY	100.000	6451	0	0	1	6451	1	6451	0.0	11913
rnd-1_family-588_inc#CLASSII/TIR	NF-BELPAO-35_1#CLASSI/LTR/BELPAO	86.817	311	35	4	1168	1476	2978	2672	1.17e-94	342
rnd-3_family-11_inc#CLASSII/HELITRON	NF-HELITRON-113_1#CLASSII/HELITRON	96.522	460	9	3	924	1382	454	1	0.0	758
rnd-3_family-11_inc#CLASSII/HELITRON	NF-CMC-3_1#CLASSII/TIR/CMC	88.372	344	29	5	1806	2141	3414	3074	1.39e-121	431
rnd-4_family-691_s_2_inc#CLASSII/HELITRON	NF-BELPAO-28_1#CLASSI/LTR/BELPAO	97.330	3558	88	5	1967	5518	5011	1455	0.0	6037
rnd-4_family-691_s_2_inc#CLASSII/HELITRON	NF-HELITRON-24_3#CLASSII/HELITRON	97.129	1811	38	6	6943	8742	1	1808	0.0	3044
rnd-4_family-691_s_2_inc#CLASSII/HELITRON	NF-HELITRON-24_4#CLASSII/HELITRON	96.060	1878	40	9	6877	8742	1112	2967	0.0	3027
rnd-4_family-691_s_2_inc#CLASSII/HELITRON	NF-HELITRON-24_2#CLASSII/HELITRON	96.738	1441	37	6	6877	8314	1934	501	0.0	2392
rnd-4_family-691_s_2_inc#CLASSII/HELITRON	NF-HELITRON-24_1#CLASSII/HELITRON	97.881	708	13	2	6877	7584	1488	2193	0.0	1223
rnd-4_family-691_s_2_inc#CLASSII/HELITRON	BEL-14_DP_1#CLASSI/LTR/BELPAO	93.966	464	21	3	6256	6719	457	1	0.0	695
rnd-4_family-691_s_2_inc#CLASSII/HELITRON	NF-BELPAO-114_1#CLASSI/LTR/BELPAO	91.216	148	11	2	6257	6404	3382	3237	2.65e-51	200
rnd-4_family-691_s_2_inc#CLASSII/HELITRON	NF-HELITRON-113_1#CLASSII/HELITRON	90.066	151	7	2	5738	5880	197	47	5.73e-48	189
rnd-4_family-691_s_2_inc#CLASSII/HELITRON	NF-BELPAO-2_3#CLASSI/LTR/BELPAO	81.651	109	11	6	8757	8857	501	608	1.00e-15	82.4
rnd-4_family-819_inc#CLASSI/LTR/GYPSY	NF-MITE-282_1#CLASSII/MITE	85.475	179	16	7	3497	3670	721	894	6.51e-45	178
rnd-4_family-819_inc#CLASSI/LTR/GYPSY	NF-HELITRON-113_1#CLASSII/HELITRON	92.793	111	8	0	3309	3419	109	219	6.55e-40	161
rnd-5_family-946_inc#CLASSII/HELITRON	NF-HELITRON-113_1#CLASSII/HELITRON	97.357	454	8	2	1026	1476	1	453	0.0	771
rnd-5_family-163_inc#CLASSII/TIR	Nobel_I_1#CLASSI/LTR/BELPAO	96.779	3726	61	13	6072	9741	7133	3411	0.0	6161
rnd-5_family-163_inc#CLASSII/TIR	BEL-8_DPe_1#CLASSI/LTR/BELPAO	80.660	3516	567	63	6200	9623	5806	2312	0.0	2621
rnd-5_family-163_inc#CLASSII/TIR	NF-HELITRON-113_1#CLASSII/HELITRON	87.665	454	35	14	2304	2737	1	453	2.93e-144	508
rnd-5_family-1885_inc#CLASSII/MAVERICK	Polinton-1_DPe_2#CLASSII/MAVERICK	100.000	16232	0	0	1	16232	1	16232	0.0	29975
rnd-5_family-1885_inc#CLASSII/MAVERICK	Polinton-1_DPe_1#CLASSII/MAVERICK	99.930	8528	4	2	7707	16232	1	8528	0.0	15714
rnd-5_family-1334_inc#CLASSII/TIR	NF-MITE-79_1#CLASSII/MITE	100.000	1667	0	0	1	1667	1	1667	0.0	3046
rnd-5_family-2422_s_2_inc#CLASSII/HELITRON	NF-HELITRON-30_1#CLASSII/HELITRON	93.690	840	16	5	1376	2183	4	838	0.0	1223
rnd-5_family-2078_inc#CLASSI/LINE/CR1	NF-LINE-35_1#CLASSI/LINE	94.007	267	7	4	1206	1465	1	265	3.45e-111	396
rnd-5_family-9471_inc#CLASSII/TIR	NF-MITE-360_1#CLASSII/MITE	100.000	972	0	0	1	972	1	972	0.0	1777
rnd-5_family-9324_inc#CLASSI/LTR/GYPSY	NF-BELPAO-84_1#CLASSI/LTR/BELPAO	100.000	63	0	0	7187	7249	5676	5738	1.51e-26	117
rnd-5_family-3135_inc#CLASSI/LTR	NF-BELPAO-35_1#CLASSI/LTR/BELPAO	100.000	4383	0	0	1	4383	1	4383	0.0	8094
rnd-5_family-2978_inc#CLASSI/LINE	NF-JOCKEY-153_1#CLASSI/LINE/JOCKEY	89.047	493	31	8	245	726	1	481	8.22e-170	590
rnd-5_family-11479_inc#CLASSII/TIR	NF-HAT-37_1#CLASSII/TIR/HAT	100.000	2271	0	0	1	2271	1	2271	0.0	4194
rnd-5_family-6045_inc#CLASSII/TIR	NF-TC1MARINER-135_1#CLASSII/TIR/TC1MARINER	100.000	1300	0	0	1	1300	1	1300	0.0	2401
rnd-5_family-13402_inc#CLASSI/LINE/R1	NF-LINE-38_1#CLASSI/LINE	78.992	119	19	4	1	113	2048	2166	9.45e-17	78.7
rnd-5_family-8746_inc#CLASSII/TIR	NF-HELITRON-113_1#CLASSII/HELITRON	91.630	454	25	4	1058	1500	2	453	6.81e-177	616
rnd-5_family-8746_inc#CLASSII/TIR	NF-TIR-5_1#CLASSII/TIR	91.129	124	7	4	3291	3411	474	596	2.97e-41	165
rnd-5_family-8447_inc#CLASSII/TIR	NF-MITE-676_1#CLASSII/MITE	90.909	187	15	2	3337	3523	55	239	6.90e-67	250
rnd-6_family-375_inc#CLASSI/LTR	NF-BELPAO-44_1#CLASSI/LTR/BELPAO	81.397	2290	378	34	1592	3860	2724	462	0.0	2025
rnd-6_family-375_inc#CLASSI/LTR	BEL-14_DP_1#CLASSI/LTR/BELPAO	83.587	658	99	8	847	1501	2980	3631	0.0	645
rnd-6_family-377_inc#CLASSI/LTR	NF-BELPAO-28_1#CLASSI/LTR/BELPAO	94.061	1970	94	10	1	1949	4378	2411	0.0	2968
rnd-6_family-377_inc#CLASSI/LTR	NF-BELPAO-22_1#CLASSI/LTR/BELPAO	91.087	1122	70	14	3022	4122	1107	2219	0.0	1491
rnd-6_family-149_inc#CLASSI/LINE	NF-HELITRON-113_1#CLASSII/HELITRON	94.094	254	9	4	6596	6848	453	205	4.85e-106	381
rnd-6_family-149_inc#CLASSI/LINE	NF-GYPSY-396_2#CLASSI/LTR/GYPSY	93.333	225	6	4	1885	2109	3	218	8.28e-89	324
rnd-1_family-147#CLASSII/HELITRON	NF-HELITRON-24_1#CLASSII/HELITRON	97.744	665	4	8	1	657	662	1	0.0	1134
rnd-1_family-147#CLASSII/HELITRON	NF-HELITRON-24_2#CLASSII/HELITRON	99.688	321	0	1	1	320	2760	3080	9.04e-169	586
rnd-1_family-147#CLASSII/HELITRON	NF-HELITRON-24_4#CLASSII/HELITRON	92.953	298	12	1	1	298	289	1	2.09e-120	425
rnd-1_family-103_s_1#CLASSII/MITE	BEL-8_DPe_1#CLASSI/LTR/BELPAO	93.290	462	23	6	6641	7097	5859	5401	0.0	675
rnd-1_family-14#CLASSII/HELITRON	NF-CMC-3_1#CLASSII/TIR/CMC	97.931	725	5	5	3418	4136	2	722	0.0	1247
rnd-1_family-14#CLASSII/HELITRON	NF-MITE-596_1#CLASSII/MITE	90.692	419	15	6	422	820	14	428	8.20e-153	536
rnd-1_family-100#CLASSI/LTR	NF-GYPSY-33_1#CLASSI/LTR/GYPSY	100.000	7543	0	0	1	7543	1	7543	0.0	13930
rnd-1_family-57_s_1#CLASSII/HELITRON	NF-HELITRON-113_1#CLASSII/HELITRON	100.000	596	0	0	1	596	1	596	0.0	1101
rnd-1_family-57_s_0#CLASSI/LINE	NF-HELITRON-113_1#CLASSII/HELITRON	100.000	99	0	0	87	185	474	572	3.59e-48	183
rnd-1_family-97_s_2#CLASSI/LTR	NF-GYPSY-33_1#CLASSI/LTR/GYPSY	78.727	1791	335	30	1849	3622	2767	1006	0.0	1155
rnd-1_family-33_s_2#CLASSII/TIR	NF-HELITRON-113_1#CLASSII/HELITRON	97.260	146	4	0	1	146	147	2	5.96e-67	248
rnd-1_family-126_s_1#CLASSII/MITE	BEL-8_DPe_1#CLASSI/LTR/BELPAO	92.857	462	25	6	5948	6404	5401	5859	0.0	664
rnd-1_family-168_s_1#CLASSI/LTR	NF-BELPAO-113_3#CLASSI/LTR/BELPAO	100.000	1004	0	0	1	1004	1	1004	0.0	1855
rnd-1_family-168_s_1#CLASSI/LTR	NF-BELPAO-113_1#CLASSI/LTR/BELPAO	96.341	984	30	4	1	978	984	1	0.0	1613
rnd-1_family-168_s_1#CLASSI/LTR	NF-BELPAO-113_2#CLASSI/LTR/BELPAO	93.992	982	27	11	1	980	952	1	0.0	1458
rnd-1_family-168_s_1#CLASSI/LTR	NF-LTR-86_1#CLASSI/LTR	96.473	482	13	2	502	980	494	14	0.0	793
rnd-1_family-168_s_1#CLASSI/LTR	NF-BELPAO-44_1#CLASSI/LTR/BELPAO	82.396	551	62	24	1	530	5580	6116	6.40e-127	448
rnd-1_family-168_s_1#CLASSI/LTR	NF-LTR-92_1#CLASSI/LTR	97.297	37	1	0	944	980	39	3	2.71e-11	63.9
rnd-1_family-190_s_0_s_2#CLASSI/LTR	NF-GYPSY-33_1#CLASSI/LTR/GYPSY	99.625	3464	9	4	1	3461	3473	6935	0.0	6322
rnd-1_family-207#CLASSI/LTR	NF-MITE-622_1#CLASSII/MITE	100.000	366	0	0	1	366	1	366	0.0	676
rnd-1_family-221_s_1#CLASSI/LTR	NF-BELPAO-2_3#CLASSI/LTR/BELPAO	74.955	551	133	5	1007	1555	3984	3437	3.68e-66	248
rnd-1_family-259#CLASSII/MITE	NF-MITE-676_1#CLASSII/MITE	100.000	579	0	0	1	579	1	579	0.0	1070
rnd-1_family-374#CLASSI/LTR	NF-BELPAO-114_1#CLASSI/LTR/BELPAO	86.667	165	15	6	291	451	596	435	1.82e-45	176
rnd-1_family-377_s_2#CLASSII/MAVERICK	Polinton-1_DPe_1#CLASSII/MAVERICK	100.000	8784	0	0	1	8784	1	8784	0.0	16222
rnd-1_family-377_s_2#CLASSII/MAVERICK	Polinton-1_DPe_2#CLASSII/MAVERICK	99.930	8528	4	2	1	8528	7707	16232	0.0	15714
rnd-1_family-394#CLASSI/LTR	NF-MITE-270_1#CLASSII/MITE	100.000	1295	0	0	1	1295	1	1295	0.0	2392
rnd-1_family-518_s_0#CLASSI/LINE	Kiri-2_DPer_1#CLASSI/LINE/L2	96.000	125	2	3	6	127	1199	1075	2.21e-53	200
rnd-1_family-532#CLASSI/LTR	NF-BELPAO-114_1#CLASSI/LTR/BELPAO	89.928	139	10	2	1	138	768	903	2.43e-48	183
rnd-1_family-532#CLASSI/LTR	BEL-14_DP_1#CLASSI/LTR/BELPAO	89.209	139	11	2	1	138	477	612	1.13e-46	178
rnd-1_family-560_s_2#CLASSI/LTR	NF-HELITRON-113_1#CLASSII/HELITRON	93.210	162	10	1	11	171	163	2	9.40e-64	237
rnd-1_family-591_s_0#CLASSI/LTR	NF-LTR-106_1#CLASSI/LTR	100.000	417	0	0	1	417	1	417	0.0	771
rnd-1_family-591_s_0#CLASSI/LTR	BEL-2_DPer_1#CLASSI/LTR/BELPAO	93.182	396	14	7	5	387	2156	2551	5.30e-164	569
rnd-6_family-41#CLASSII/MITE	NF-CMC-3_1#CLASSII/TIR/CMC	100.000	3616	0	0	1	3616	1	3616	0.0	6678
rnd-1_family-10_unconfirmed#CLASSI/LTR	NF-HELITRON-113_1#CLASSII/HELITRON	95.823	407	6	1	3702	4097	453	47	0.0	647
rnd-1_family-10_unconfirmed#CLASSI/LTR	NF-LINE-38_1#CLASSI/LINE	94.118	85	3	1	3364	3446	482	398	5.18e-30	128
rnd-1_family-99_unconfirmed#CLASSII/TIR	NF-MITE-596_1#CLASSII/MITE	100.000	703	0	0	1	703	1	703	0.0	1299
rnd-1_family-7_unconfirmed#CLASSI/LTR	NF-HELITRON-113_1#CLASSII/HELITRON	94.635	466	12	6	3478	3943	1	453	0.0	710
rnd-1_family-71_s_2_unconfirmed#CLASSI/LTR	NF-HELITRON-113_1#CLASSII/HELITRON	95.823	407	6	1	4135	4530	453	47	0.0	647
rnd-1_family-71_s_2_unconfirmed#CLASSI/LTR	NF-LINE-38_1#CLASSI/LINE	96.471	85	3	0	3795	3879	482	398	5.82e-34	141
rnd-1_family-153_unconfirmed#CLASSII/TIR	NF-MITE-620_1#CLASSII/MITE	100.000	650	0	0	1	650	1	650	0.0	1201
rnd-1_family-158_unconfirmed#CLASSI/LTR	NF-MITE-265_1#CLASSII/MITE	93.899	377	10	6	628	991	1330	954	1.09e-158	556
rnd-1_family-223_s_1#CLASSI/LINE	NF-CMC-3_1#CLASSII/TIR/CMC	95.030	664	3	10	5386	6020	663	1	0.0	1016
rnd-1_family-223_s_1#CLASSI/LINE	NF-HELITRON-113_1#CLASSII/HELITRON	96.421	447	15	1	3947	4393	2	447	0.0	736
rnd-1_family-226_s_1#CLASSII/HELITRON	NF-GYPSY-191_1#CLASSI/LTR/GYPSY	94.158	736	24	4	5560	6293	719	1	0.0	1103
rnd-1_family-226_s_1#CLASSII/HELITRON	NF-HELITRON-24_3#CLASSII/HELITRON	97.731	617	12	2	6766	7381	1681	1066	0.0	1061
rnd-1_family-226_s_1#CLASSII/HELITRON	NF-HELITRON-24_4#CLASSII/HELITRON	97.083	617	15	3	6766	7381	2840	2226	0.0	1037
rnd-1_family-226_s_1#CLASSII/HELITRON	NF-HELITRON-24_2#CLASSII/HELITRON	98.046	307	6	0	703	1009	501	807	3.89e-152	534
rnd-1_family-226_s_1#CLASSII/HELITRON	NF-HELITRON-113_1#CLASSII/HELITRON	87.295	244	25	3	4188	4425	264	21	9.36e-74	274
rnd-1_family-226_s_1#CLASSII/HELITRON	NF-LTR-86_1#CLASSI/LTR	87.037	108	11	3	5454	5559	494	388	4.64e-27	119
rnd-1_family-226_s_1#CLASSII/HELITRON	NF-BELPAO-113_3#CLASSI/LTR/BELPAO	85.321	109	13	3	2263	2369	501	608	2.79e-24	110
rnd-1_family-226_s_1#CLASSII/HELITRON	NF-BELPAO-113_2#CLASSI/LTR/BELPAO	85.321	109	13	3	5453	5559	454	347	2.79e-24	110
rnd-1_family-226_s_1#CLASSII/HELITRON	NF-BELPAO-113_1#CLASSI/LTR/BELPAO	84.404	109	14	3	5453	5559	484	377	1.30e-22	104
rnd-1_family-375_unconfirmed#CLASSII/TIR	NF-MITE-511_1#CLASSII/MITE	100.000	793	0	0	1	793	1	793	0.0	1465
rnd-1_family-511_s_1#CLASSI/LTR	NF-BELPAO-35_1#CLASSI/LTR/BELPAO	90.602	681	47	3	3264	3927	310	990	0.0	887
rnd-1_family-511_s_1#CLASSI/LTR	NF-HELITRON-113_1#CLASSII/HELITRON	96.009	451	15	2	392	839	453	3	0.0	730
rnd-1_family-533_unconfirmed#CLASSII/TIR	NF-MITE-760_1#CLASSII/MITE	100.000	349	0	0	1	349	1	349	0.0	645
rnd-1_family-543#CLASSI/LTR	NF-BELPAO-38_1#CLASSI/LTR/BELPAO	99.176	849	4	3	3438	4283	1950	2798	0.0	1526
rnd-1_family-543#CLASSI/LTR	BEL-8_DPe_1#CLASSI/LTR/BELPAO	96.756	524	14	3	2912	3433	194	716	0.0	870
rnd-1_family-543#CLASSI/LTR	NF-GYPSY-208_2#CLASSI/LTR/GYPSY	95.904	415	9	1	5	419	2812	2406	0.0	665
rnd-1_family-543#CLASSI/LTR	NF-GYPSY-208_1#CLASSI/LTR/GYPSY	97.122	278	8	0	5	282	350	73	5.91e-133	470
rnd-1_family-575_s_2_unconfirmed#CLASSI/LTR	NF-MITE-586_1#CLASSII/MITE	100.000	620	0	0	1	620	1	620	0.0	1146
rnd-1_family-577_unconfirmed#CLASSI/LTR	NF-HELITRON-113_1#CLASSII/HELITRON	92.373	472	18	3	778	1249	1	454	0.0	656
rnd-5_family-4900_unconfirmed#CLASSII/TIR	NF-MITE-760_1#CLASSII/MITE	100.000	188	0	0	176	363	202	15	2.34e-97	348
rnd-5_family-9082_unconfirmed#CLASSII/TIR	NF-MITE-381_1#CLASSII/MITE	100.000	1032	0	0	1	1032	1	1032	0.0	1906
rnd-5_family-859_unconfirmed#CLASSI/LTR	NF-CMC-3_1#CLASSII/TIR/CMC	88.684	433	28	16	9	425	429	2	2.66e-144	508
rnd-5_family-859_unconfirmed#CLASSI/LTR	NF-HELITRON-113_1#CLASSII/HELITRON	84.052	232	21	3	2993	3208	194	425	3.03e-54	209
rnd-5_family-798#CLASSI/LTR	NF-BELPAO-114_1#CLASSI/LTR/BELPAO	97.586	870	16	4	2436	3301	2514	3382	0.0	1485
rnd-5_family-798#CLASSI/LTR	NF-HELITRON-113_1#CLASSII/HELITRON	86.643	277	28	6	262	530	179	454	5.91e-81	298
rnd-5_family-798#CLASSI/LTR	NF-MITE-52_1#CLASSII/MITE	92.000	175	9	1	847	1016	1	175	1.01e-63	241
rnd-5_family-1520_unconfirmed#CLASSII/TIR	NF-MITE-359_1#CLASSII/MITE	100.000	1052	0	0	1	1052	1	1052	0.0	1943
rnd-5_family-1253_unconfirmed#CLASSII/TIR	NF-MITE-282_1#CLASSII/MITE	100.000	1252	0	0	1	1252	1	1252	0.0	2313
rnd-5_family-680_s_2#CLASSI	CR1-1_DPer_1#CLASSI/LINE/CR1	93.788	821	34	6	2008	2812	3002	2183	0.0	1218
rnd-5_family-680_s_2#CLASSI	NF-MITE-265_1#CLASSII/MITE	90.347	404	26	7	1345	1736	127	529	2.38e-147	518
rnd-5_family-680_s_2#CLASSI	NF-HELITRON-113_1#CLASSII/HELITRON	88.136	59	6	1	368	425	371	429	2.88e-12	69.4
rnd-5_family-1514#CLASSI/LINE	NF-LINE-25_1#CLASSI/LINE	100.000	3703	0	0	1	3703	1	3703	0.0	6839
rnd-5_family-13928_unconfirmed#CLASSI/LTR	NF-MITE-676_1#CLASSII/MITE	89.803	304	21	7	3759	4060	525	230	8.88e-106	381
rnd-5_family-2434_unconfirmed#CLASSII/TIR	NF-HELITRON-113_1#CLASSII/HELITRON	97.938	97	2	0	3261	3357	476	572	4.66e-42	169
rnd-5_family-11608_unconfirmed#CLASSII/TIR	NF-MITE-752_1#CLASSII/MITE	100.000	381	0	0	1	381	1	381	0.0	704
rnd-5_family-2386_unconfirmed#CLASSI/LTR	NF-CMC-3_1#CLASSII/TIR/CMC	88.631	431	31	13	44	459	2	429	2.86e-144	508
rnd-5_family-2386_unconfirmed#CLASSI/LTR	NF-HELITRON-113_1#CLASSII/HELITRON	84.052	232	21	3	7052	7267	425	194	3.25e-54	209
rnd-5_family-1661_s_1_unconfirmed#CLASSI/LTR	NF-HELITRON-113_1#CLASSII/HELITRON	94.286	140	6	2	5059	5196	453	314	1.39e-55	213
rnd-5_family-1661_s_1_unconfirmed#CLASSI/LTR	NF-LINE-26_1#CLASSI/LINE	98.630	73	1	0	1591	1663	4229	4301	1.44e-30	130
rnd-5_family-9077#CLASSI/LTR	NF-HELITRON-113_1#CLASSII/HELITRON	96.696	454	12	3	1	453	453	2	0.0	752
rnd-5_family-9077#CLASSI/LTR	BEL-8_DPe_1#CLASSI/LTR/BELPAO	93.913	460	21	6	2697	3150	5859	5401	0.0	688
rnd-5_family-9077#CLASSI/LTR	NF-GYPSY-208_1#CLASSI/LTR/GYPSY	97.368	76	2	0	3897	3972	404	329	1.11e-30	130
rnd-5_family-9077#CLASSI/LTR	NF-GYPSY-208_2#CLASSI/LTR/GYPSY	100.000	33	0	0	3940	3972	2823	2791	4.10e-10	62.1
